2026-09-13 18:55:47,588 [INFO] sagem: Connecting to Sagem MC1000 on MOCK_ECU @ 10400 baud...
2026-09-13 18:55:47,588 [INFO] sagem.serial: Initiating ISO 14230 Fast-Init on COM3...
2026-09-13 18:55:47,639 [INFO] sagem.serial: Fast-Init successful! ECU Key Bytes: ea8f
2026-09-13 18:55:51,092 [WARNING] sagem.recorder: >>> FLIGHT RECORDER TRIGGERED: TRIGGER_A_FAULT_DTC - Active DTC detected: Code 33 (Ignition Coil 1 (Front Cylinder Side))
2026-09-13 18:55:51,317 [INFO] sagem.recorder: Captured flight recorder event saved: capture_20260913_185551_092_trigger_a_fault_dtc.csv & capture_20260913_185551_092_trigger_a_fault_dtc.json
2026-09-13 18:55:51,318 [INFO] sagem: Flight recorder event completed: capture_20260913_185551_092_trigger_a_fault_dtc -> Trigger: Code 33 Coil 1 Front Side open/short circuit during throttle tip-in (RPM: 4064, TPS: 27.8%, Volts: 14.10V, ECT: 79.0°C). Analysis: Known Sagem MC1000 quirk: unlatched transient EFI flash caused by failing JCI pencil coil primary winding breakdown under load. Recommended fix: replace with Renault/Peugeot pencil coil equivalent.
2026-09-13 18:55:54,643 [INFO] sagem.serial: Closed K-Line serial port COM3
2026-09-13 18:55:58,570 [INFO] sagem: Connecting to Sagem MC1000 on MOCK_ECU @ 10400 baud...
2026-09-13 18:55:58,570 [INFO] sagem.serial: Initiating ISO 14230 Fast-Init on COM3...
2026-09-13 18:55:58,621 [INFO] sagem.serial: Fast-Init successful! ECU Key Bytes: ea8f
2026-09-13 18:56:02,579 [WARNING] sagem.recorder: >>> FLIGHT RECORDER TRIGGERED: TRIGGER_A_FAULT_DTC - Active DTC detected: Code 12 (Crankshaft Position Sensor (VR Pick-Up))
2026-09-13 18:56:02,806 [INFO] sagem.recorder: Captured flight recorder event saved: capture_20260913_185602_579_trigger_a_fault_dtc.csv & capture_20260913_185602_579_trigger_a_fault_dtc.json
2026-09-13 18:56:02,806 [INFO] sagem: Flight recorder event completed: capture_20260913_185602_579_trigger_a_fault_dtc -> Trigger: Code 12 Crankshaft Position Sensor synchronization loss (RPM: 1100, TPS: 24.7%, Volts: 14.10V, ECT: 79.0°C). Analysis: VR pick-up sensor missed timing wheel pulses. Inspect sensor gap (0.6-0.7mm) and connector pins.
2026-09-13 18:56:05,629 [INFO] sagem.serial: Closed K-Line serial port COM3
2026-09-13 18:56:14,195 [INFO] sagem: Connecting to Sagem MC1000 on MOCK_ECU @ 10400 baud...
2026-09-13 18:56:14,195 [INFO] sagem.serial: Initiating ISO 14230 Fast-Init on COM3...
2026-09-13 18:56:14,246 [INFO] sagem.serial: Fast-Init successful! ECU Key Bytes: ea8f
2026-09-13 18:56:17,696 [WARNING] sagem.recorder: >>> FLIGHT RECORDER TRIGGERED: TRIGGER_C_VOLTAGE_DIP - Transient battery voltage dip to 10.45V (< 11.2V threshold)
2026-09-13 18:56:17,919 [INFO] sagem.recorder: Captured flight recorder event saved: capture_20260913_185617_696_trigger_c_voltage_dip.csv & capture_20260913_185617_696_trigger_c_voltage_dip.json
2026-09-13 18:56:17,919 [INFO] sagem: Flight recorder event completed: capture_20260913_185617_696_trigger_c_voltage_dip -> Trigger: Transient low voltage dip to 10.45V (RPM: 4052, TPS: 27.8%, Volts: 10.45V, ECT: 79.0°C). Analysis: Severe electrical brownout. Inspect Caponord brown connector under fuel tank, rectifier/regulator ground, and starter solenoid terminal.
2026-09-13 18:56:21,251 [INFO] sagem.serial: Closed K-Line serial port COM3
2026-09-13 18:56:36,569 [INFO] sagem: Connecting to Sagem MC1000 on MOCK_ECU @ 10400 baud...
2026-09-13 18:56:36,569 [INFO] sagem.serial: Initiating ISO 14230 Fast-Init on COM3...
2026-09-13 18:56:36,621 [INFO] sagem.serial: Fast-Init successful! ECU Key Bytes: ea8f
2026-09-13 18:56:40,121 [WARNING] sagem.recorder: >>> FLIGHT RECORDER TRIGGERED: TRIGGER_A_FAULT_DTC - Active DTC detected: Code 33 (Ignition Coil 1 (Front Cylinder Side))
2026-09-13 18:56:41,573 [INFO] sagem.recorder: Captured flight recorder event saved: capture_20260913_185640_121_trigger_a_fault_dtc.csv & capture_20260913_185640_121_trigger_a_fault_dtc.json
2026-09-13 18:56:41,574 [INFO] sagem: Flight recorder event completed: capture_20260913_185640_121_trigger_a_fault_dtc -> Trigger: Code 33 Coil 1 Front Side open/short circuit during throttle tip-in (RPM: 4187, TPS: 29.4%, Volts: 14.10V, ECT: 79.0°C). Analysis: Known Sagem MC1000 quirk: unlatched transient EFI flash caused by failing JCI pencil coil primary winding breakdown under load. Recommended fix: replace with Renault/Peugeot pencil coil equivalent.
2026-09-13 18:56:42,637 [INFO] sagem.serial: Closed K-Line serial port COM3
2026-09-13 19:24:28,886 [INFO] sagem: Connecting to Sagem MC1000 on MOCK_ECU @ 10400 baud...
2026-09-13 19:24:28,887 [INFO] sagem.serial: Initiating ISO 14230 Fast-Init on COM3...
2026-09-13 19:24:28,888 [INFO] sagem: Web dashboard active at http://localhost:8000
2026-09-13 19:24:28,941 [INFO] sagem.serial: Fast-Init successful! ECU Key Bytes: ea8f
2026-09-13 19:24:31,803 [WARNING] sagem.recorder: >>> FLIGHT RECORDER TRIGGERED: TRIGGER_A_FAULT_DTC - Active DTC detected: Code 33 (Ignition Coil 1 (Front Cylinder Side))
2026-09-13 19:24:33,247 [INFO] sagem.recorder: Captured flight recorder event saved: capture_20260913_192431_803_trigger_a_fault_dtc.csv & capture_20260913_192431_803_trigger_a_fault_dtc.json
2026-09-13 19:24:33,247 [INFO] sagem: Flight recorder event completed: capture_20260913_192431_803_trigger_a_fault_dtc -> Trigger: Code 33 Ignition Coil 1 (Front Cylinder Side) open/short circuit during throttle tip-in (RPM: 3250, TPS: 16.5%, Volts: 14.10V, ECT: 79.0°C). Analysis: Known Sagem MC1000 quirk: unlatched transient EFI flash caused by failing JCI pencil coil primary winding breakdown under load. Recommended fix: replace with Renault/Peugeot pencil coil equivalent.
2026-09-13 19:24:35,956 [INFO] sagem.serial: Closed K-Line serial port COM3
2026-09-13 19:24:59,008 [INFO] sagem: Connecting to Sagem MC1000 on MOCK_ECU @ 10400 baud...
2026-09-13 19:24:59,008 [INFO] sagem.serial: Initiating ISO 14230 Fast-Init on COM3...
2026-09-13 19:24:59,009 [INFO] sagem: Web dashboard active at http://localhost:8000
2026-09-13 19:24:59,059 [INFO] sagem.serial: Fast-Init successful! ECU Key Bytes: ea8f
2026-09-13 19:25:02,203 [WARNING] sagem.recorder: >>> FLIGHT RECORDER TRIGGERED: TRIGGER_D_STEADY_TPS_RPM_DROP - Cruising stutter: RPM dropped from 3824 to 3250 (-574 RPM in 501ms) while TPS held steady at 16.5%
2026-09-13 19:25:03,651 [INFO] sagem.recorder: Captured flight recorder event saved: capture_20260913_192502_203_trigger_d_steady_tps_rpm_drop.csv & capture_20260913_192502_203_trigger_d_steady_tps_rpm_drop.json
2026-09-13 19:25:03,652 [INFO] sagem: Flight recorder event completed: capture_20260913_192502_203_trigger_d_steady_tps_rpm_drop -> Trigger: Code 33 Ignition Coil 1 (Front Cylinder Side) open/short circuit during throttle tip-in (RPM: 3250, TPS: 16.5%, Volts: 14.10V, ECT: 79.0°C). Analysis: Known Sagem MC1000 quirk: unlatched transient EFI flash caused by failing JCI pencil coil primary winding breakdown under load. Recommended fix: replace with Renault/Peugeot pencil coil equivalent.
2026-09-13 19:25:06,079 [INFO] sagem.serial: Closed K-Line serial port COM3
2026-09-13 19:25:24,244 [INFO] sagem: Connecting to Sagem MC1000 on MOCK_ECU @ 10400 baud...
2026-09-13 19:25:24,244 [INFO] sagem.serial: Initiating ISO 14230 Fast-Init on COM3...
2026-09-13 19:25:24,246 [INFO] sagem: Web dashboard active at http://localhost:8000
2026-09-13 19:25:24,295 [INFO] sagem.serial: Fast-Init successful! ECU Key Bytes: ea8f
2026-09-13 19:25:27,438 [WARNING] sagem.recorder: >>> FLIGHT RECORDER TRIGGERED: TRIGGER_D_STEADY_TPS_RPM_DROP - Cruising stutter: RPM dropped from 3824 to 3250 (-574 RPM in 498ms) while TPS held steady at 16.5%
2026-09-13 19:25:28,880 [INFO] sagem.recorder: Captured flight recorder event saved: capture_20260913_192527_437_trigger_d_steady_tps_rpm_drop.csv & capture_20260913_192527_437_trigger_d_steady_tps_rpm_drop.json
2026-09-13 19:25:28,880 [INFO] sagem: Flight recorder event completed: capture_20260913_192527_437_trigger_d_steady_tps_rpm_drop -> Trigger: Constant TPS Cruising Stutter / Misfire (RPM: 3250, TPS: 16.5%, Volts: 14.10V, ECT: 79.0°C). Accompanied by active fault: Code 33 (Ignition Coil 1 (Front Cylinder Side)). Analysis: Sudden RPM drop while throttle held constant above idle. Classic Caponord cruising hesitation under load. Elevated combustion pressure during steady cruise creates high secondary voltage demand, causing failing pencil coil(s) (Coils 33-36) to arc through the body to the cylinder head, or triggering VR pick-up timing jitter. Note: Does not occur at idle due to low cylinder pressure.
2026-09-13 19:25:31,305 [INFO] sagem.serial: Closed K-Line serial port COM3
2026-09-13 20:06:56,306 [INFO] sagem: Connecting to Sagem MC1000 on COM3 @ 10400 baud...
2026-09-13 20:06:56,308 [ERROR] sagem: Connection failed: Failed to open port COM3: could not open port 'COM3': FileNotFoundError(2, 'The system cannot find the file specified.', None, 2)
2026-09-13 20:06:56,309 [INFO] sagem: Web dashboard active at http://localhost:8000
2026-09-13 20:07:29,402 [INFO] sagem: Connecting to Sagem MC1000 on COM3 @ 10400 baud...
2026-09-13 20:07:29,402 [ERROR] sagem: Connection failed: Failed to open port COM3: could not open port 'COM3': FileNotFoundError(2, 'The system cannot find the file specified.', None, 2)
2026-09-13 20:07:29,408 [INFO] sagem: Web dashboard active at http://localhost:8000
2026-09-13 20:07:36,129 [INFO] sagem: Connecting to Sagem MC1000 on COM3 @ 10400 baud...
2026-09-13 20:07:36,130 [ERROR] sagem: Connection failed: Failed to open port COM3: could not open port 'COM3': FileNotFoundError(2, 'The system cannot find the file specified.', None, 2)
2026-09-13 20:07:44,551 [INFO] sagem: Connecting to Sagem MC1000 on MOCK_ECU @ 10400 baud...
2026-09-13 20:07:44,551 [INFO] sagem.serial: Initiating ISO 14230 Fast-Init on COM3...
2026-09-13 20:07:44,552 [INFO] sagem: Web dashboard active at http://localhost:8000
2026-09-13 20:07:44,602 [INFO] sagem.serial: Fast-Init successful! ECU Key Bytes: ea8f
2026-09-13 20:07:47,808 [WARNING] sagem.recorder: >>> FLIGHT RECORDER TRIGGERED: TRIGGER_A_FAULT_DTC - Active DTC detected: Code 33 (Ignition Coil 1 (Front Cylinder Side))
2026-09-13 20:07:49,398 [INFO] sagem.recorder: Captured flight recorder event saved: capture_20260913_200747_807_trigger_a_fault_dtc.csv & capture_20260913_200747_807_trigger_a_fault_dtc.json
2026-09-13 20:07:49,398 [INFO] sagem: Flight recorder event completed: capture_20260913_200747_807_trigger_a_fault_dtc -> Trigger: Code 33 Coil 1 Front Side open/short circuit during throttle tip-in (RPM: 4216, TPS: 29.4%, Volts: 14.10V, ECT: 79.0°C). Analysis: Known Sagem MC1000 quirk: unlatched transient EFI flash caused by failing JCI pencil coil primary winding breakdown under load. Recommended fix: replace with Renault/Peugeot pencil coil equivalent.
2026-09-13 20:07:49,465 [INFO] sagem.serial: Closed K-Line serial port COM3
2026-09-13 20:07:56,966 [INFO] sagem: Connecting to Sagem MC1000 on MOCK_ECU @ 10400 baud...
2026-09-13 20:07:56,966 [INFO] sagem.serial: Initiating ISO 14230 Fast-Init on COM3...
2026-09-13 20:07:57,017 [INFO] sagem.serial: Fast-Init successful! ECU Key Bytes: ea8f
2026-09-13 20:08:00,487 [WARNING] sagem.recorder: >>> FLIGHT RECORDER TRIGGERED: TRIGGER_A_FAULT_DTC - Active DTC detected: Code 33 (Ignition Coil 1 (Front Cylinder Side))
2026-09-13 20:08:02,062 [INFO] sagem.recorder: Captured flight recorder event saved: capture_20260913_200800_487_trigger_a_fault_dtc.csv & capture_20260913_200800_487_trigger_a_fault_dtc.json
2026-09-13 20:08:02,062 [INFO] sagem: Flight recorder event completed: capture_20260913_200800_487_trigger_a_fault_dtc -> Trigger: Code 33 Coil 1 Front Side open/short circuit during throttle tip-in (RPM: 4108, TPS: 28.2%, Volts: 14.10V, ECT: 79.0°C). Analysis: Known Sagem MC1000 quirk: unlatched transient EFI flash caused by failing JCI pencil coil primary winding breakdown under load. Recommended fix: replace with Renault/Peugeot pencil coil equivalent.
2026-09-13 20:08:02,130 [INFO] sagem.serial: Closed K-Line serial port COM3
2026-09-13 20:09:21,600 [INFO] sagem: Connecting to Sagem MC1000 on MOCK_ECU @ 10400 baud...
2026-09-13 20:09:21,600 [INFO] sagem.serial: Initiating ISO 14230 Fast-Init on COM3...
2026-09-13 20:09:21,651 [INFO] sagem.serial: Fast-Init successful! ECU Key Bytes: ea8f
2026-09-13 20:09:25,172 [WARNING] sagem.recorder: >>> FLIGHT RECORDER TRIGGERED: TRIGGER_A_FAULT_DTC - Active DTC detected: Code 33 (Ignition Coil 1 (Front Cylinder Side))
2026-09-13 20:09:26,732 [INFO] sagem.recorder: Captured flight recorder event saved: capture_20260913_200925_172_trigger_a_fault_dtc.csv & capture_20260913_200925_172_trigger_a_fault_dtc.json
2026-09-13 20:09:26,732 [INFO] sagem: Flight recorder event completed: capture_20260913_200925_172_trigger_a_fault_dtc -> Trigger: Code 33 Coil 1 Front Side open/short circuit during throttle tip-in (RPM: 4241, TPS: 29.8%, Volts: 14.10V, ECT: 79.0°C). Analysis: Known Sagem MC1000 quirk: unlatched transient EFI flash caused by failing JCI pencil coil primary winding breakdown under load. Recommended fix: replace with Renault/Peugeot pencil coil equivalent.
2026-09-13 20:09:26,799 [INFO] sagem.serial: Closed K-Line serial port COM3
2026-09-13 20:09:28,548 [INFO] sagem: Connecting to Sagem MC1000 on MOCK_ECU @ 10400 baud...
2026-09-13 20:09:28,548 [INFO] sagem.serial: Initiating ISO 14230 Fast-Init on COM3...
2026-09-13 20:09:28,599 [INFO] sagem.serial: Fast-Init successful! ECU Key Bytes: ea8f
2026-09-13 20:09:32,114 [WARNING] sagem.recorder: >>> FLIGHT RECORDER TRIGGERED: TRIGGER_A_FAULT_DTC - Active DTC detected: Code 33 (Ignition Coil 1 (Front Cylinder Side))
2026-09-13 20:09:33,684 [INFO] sagem.recorder: Captured flight recorder event saved: capture_20260913_200932_114_trigger_a_fault_dtc.csv & capture_20260913_200932_114_trigger_a_fault_dtc.json
2026-09-13 20:09:33,684 [INFO] sagem: Flight recorder event completed: capture_20260913_200932_114_trigger_a_fault_dtc -> Trigger: Code 33 Coil 1 Front Side open/short circuit during throttle tip-in (RPM: 4226, TPS: 29.8%, Volts: 14.10V, ECT: 79.0°C). Analysis: Known Sagem MC1000 quirk: unlatched transient EFI flash caused by failing JCI pencil coil primary winding breakdown under load. Recommended fix: replace with Renault/Peugeot pencil coil equivalent.
2026-09-13 20:09:33,751 [INFO] sagem.serial: Closed K-Line serial port COM3
2026-09-13 20:14:27,233 [INFO] sagem: Connecting to Sagem MC1000 on MOCK_ECU @ 10400 baud...
2026-09-13 20:14:27,233 [INFO] sagem.serial: Initiating ISO 14230 Fast-Init on COM3...
2026-09-13 20:14:27,285 [INFO] sagem.serial: Fast-Init successful! ECU Key Bytes: ea8f
2026-09-13 20:14:30,789 [WARNING] sagem.recorder: >>> FLIGHT RECORDER TRIGGERED: TRIGGER_D_STEADY_TPS_RPM_DROP - Cruising stutter: RPM dropped from 3824 to 3250 (-574 RPM in 509ms) while TPS held steady at 16.5%
2026-09-13 20:14:32,303 [INFO] sagem.recorder: Captured flight recorder event saved: capture_20260913_201430_788_trigger_d_steady_tps_rpm_drop.csv, capture_20260913_201430_788_trigger_d_steady_tps_rpm_drop.json, capture_20260913_201430_788_trigger_d_steady_tps_rpm_drop_report.txt
2026-09-13 20:14:32,304 [INFO] sagem: Flight recorder event completed: capture_20260913_201430_788_trigger_d_steady_tps_rpm_drop -> Trigger: Constant TPS Cruising Stutter / Misfire (RPM: 3250, TPS: 16.5%, Volts: 14.10V, ECT: 79.0°C). Accompanied by active fault: Code 33 (Ignition Coil 1 (Front Cylinder Side)). Analysis: Sudden RPM drop while throttle held constant above idle. Classic Caponord cruising hesitation under load. Elevated combustion pressure during steady cruise creates high secondary voltage demand, causing failing pencil coil(s) (Coils 33-36) to arc through the body to the cylinder head, or triggering VR pick-up timing jitter. Note: Does not occur at idle due to low cylinder pressure.
2026-09-13 20:14:33,323 [INFO] sagem.serial: Closed K-Line serial port COM3
2026-09-13 20:15:04,299 [INFO] sagem: Connecting to Sagem MC1000 on MOCK_ECU @ 10400 baud...
2026-09-13 20:15:04,299 [INFO] sagem.serial: Initiating ISO 14230 Fast-Init on COM3...
2026-09-13 20:15:04,351 [INFO] sagem.serial: Fast-Init successful! ECU Key Bytes: ea8f
2026-09-13 20:15:07,835 [WARNING] sagem.recorder: >>> FLIGHT RECORDER TRIGGERED: TRIGGER_D_STEADY_TPS_RPM_DROP - Cruising stutter: RPM dropped from 3824 to 3250 (-574 RPM in 527ms) while TPS held steady at 16.5%
2026-09-13 20:15:09,339 [INFO] sagem.recorder: Captured flight recorder event saved: capture_20260913_201507_835_trigger_d_steady_tps_rpm_drop.csv, capture_20260913_201507_835_trigger_d_steady_tps_rpm_drop.json, capture_20260913_201507_835_trigger_d_steady_tps_rpm_drop_report.txt
2026-09-13 20:15:09,341 [INFO] sagem: Flight recorder event completed: capture_20260913_201507_835_trigger_d_steady_tps_rpm_drop -> Trigger: Constant TPS Cruising Stutter / Misfire (RPM: 3250, TPS: 16.5%, Volts: 14.10V, ECT: 79.0°C). Accompanied by active fault: Code 33 (Ignition Coil 1 (Front Cylinder Side)). Analysis: Sudden RPM drop while throttle held constant above idle. Classic Caponord cruising hesitation under load. Elevated combustion pressure during steady cruise creates high secondary voltage demand, causing failing pencil coil(s) (Coils 33-36) to arc through the body to the cylinder head, or triggering VR pick-up timing jitter. Note: Does not occur at idle due to low cylinder pressure.
2026-09-13 20:15:10,359 [INFO] sagem.serial: Closed K-Line serial port COM3
2026-09-13 20:44:36,490 [INFO] sagem: Connecting to Sagem MC1000 on COM3 @ 10400 baud...
2026-09-13 20:44:36,491 [ERROR] sagem: Connection failed: Failed to open port COM3: could not open port 'COM3': FileNotFoundError(2, 'The system cannot find the file specified.', None, 2)
2026-09-13 20:44:36,493 [INFO] sagem: Web dashboard active at http://localhost:8000
2026-09-13 20:44:43,145 [INFO] sagem: Connecting to Sagem MC1000 on COM3 @ 10400 baud...
2026-09-13 20:44:43,145 [ERROR] sagem: Connection failed: Failed to open port COM3: could not open port 'COM3': FileNotFoundError(2, 'The system cannot find the file specified.', None, 2)
2026-09-13 20:44:51,499 [INFO] sagem: Connecting to Sagem MC1000 on COM3 @ 10400 baud...
2026-09-13 20:44:51,500 [ERROR] sagem: Connection failed: Failed to open port COM3: could not open port 'COM3': FileNotFoundError(2, 'The system cannot find the file specified.', None, 2)
2026-09-13 20:45:54,528 [INFO] sagem: Auto-detected FTDI K-Line adapter on port: COM9
2026-09-13 20:45:54,989 [INFO] sagem: Connecting to Sagem MC1000 on COM9 @ 10400 baud...
2026-09-13 20:45:54,991 [INFO] sagem: Web dashboard active at http://localhost:8000
2026-09-13 20:45:54,998 [INFO] sagem.serial: Opened K-Line serial port COM9 at 10400 baud
2026-09-13 20:45:54,998 [INFO] sagem.serial: Initiating ISO 14230 Fast-Init on COM9...
2026-09-13 20:45:55,430 [WARNING] sagem.serial: Fast-Init failed: Timeout waiting for response frame start
2026-09-13 20:45:55,431 [INFO] sagem.serial: Fast-Init failed or no response; attempting Slow-Init...
2026-09-13 20:45:55,931 [INFO] sagem.serial: Attempting 5-Baud Slow-Init fallback on COM9...
2026-09-13 20:45:57,965 [WARNING] sagem.serial: Slow-init: Expected sync byte 0x55, got 00
2026-09-13 20:45:57,965 [ERROR] sagem: Connection failed: Failed to initialize ECU communication on COM9 via Fast-Init and Slow-Init.
2026-09-13 20:46:10,772 [INFO] sagem: Auto-detected FTDI K-Line adapter on port: COM9
2026-09-13 20:46:10,774 [INFO] sagem: Connecting to Sagem MC1000 on COM9 @ 10400 baud...
2026-09-13 20:46:10,793 [INFO] sagem.serial: Opened K-Line serial port COM9 at 10400 baud
2026-09-13 20:46:10,794 [INFO] sagem.serial: Initiating ISO 14230 Fast-Init on COM9...
2026-09-13 20:46:11,219 [WARNING] sagem.serial: Fast-Init failed: Timeout waiting for response frame start
2026-09-13 20:46:11,220 [INFO] sagem.serial: Fast-Init failed or no response; attempting Slow-Init...
2026-09-13 20:46:11,721 [INFO] sagem.serial: Attempting 5-Baud Slow-Init fallback on COM9...
2026-09-13 20:46:13,752 [WARNING] sagem.serial: Slow-init: Expected sync byte 0x55, got 00
2026-09-13 20:46:13,753 [ERROR] sagem: Connection failed: Failed to initialize ECU communication on COM9 via Fast-Init and Slow-Init.
2026-09-13 20:46:59,160 [INFO] sagem: Auto-detected FTDI K-Line adapter on port: COM9
2026-09-13 20:46:59,161 [INFO] sagem: Connecting to Sagem MC1000 on COM9 @ 10400 baud...
2026-09-13 20:46:59,174 [INFO] sagem.serial: Opened K-Line serial port COM9 at 10400 baud
2026-09-13 20:46:59,177 [INFO] sagem.serial: Initiating ISO 14230 Fast-Init on COM9...
2026-09-13 20:46:59,595 [WARNING] sagem.serial: Fast-Init failed: Timeout waiting for response frame start
2026-09-13 20:46:59,595 [INFO] sagem.serial: Fast-Init failed or no response; attempting Slow-Init...
2026-09-13 20:47:00,096 [INFO] sagem.serial: Attempting 5-Baud Slow-Init fallback on COM9...
2026-09-13 20:47:02,128 [WARNING] sagem.serial: Slow-init: Expected sync byte 0x55, got 00
2026-09-13 20:47:02,128 [ERROR] sagem: Connection failed: Failed to initialize ECU communication on COM9 via Fast-Init and Slow-Init.
2026-09-13 20:47:06,625 [INFO] sagem: Auto-detected FTDI K-Line adapter on port: COM9
2026-09-13 20:47:06,626 [INFO] sagem: Connecting to Sagem MC1000 on COM9 @ 10400 baud...
2026-09-13 20:47:06,641 [INFO] sagem.serial: Opened K-Line serial port COM9 at 10400 baud
2026-09-13 20:47:06,641 [INFO] sagem.serial: Initiating ISO 14230 Fast-Init on COM9...
2026-09-13 20:47:07,068 [WARNING] sagem.serial: Fast-Init failed: Timeout waiting for response frame start
2026-09-13 20:47:07,068 [INFO] sagem.serial: Fast-Init failed or no response; attempting Slow-Init...
2026-09-13 20:47:07,569 [INFO] sagem.serial: Attempting 5-Baud Slow-Init fallback on COM9...
2026-09-13 20:47:09,601 [WARNING] sagem.serial: Slow-init: Expected sync byte 0x55, got 00
2026-09-13 20:47:09,601 [ERROR] sagem: Connection failed: Failed to initialize ECU communication on COM9 via Fast-Init and Slow-Init.
2026-09-13 20:47:23,280 [INFO] sagem: Connecting to Sagem MC1000 on COM9 @ 10400 baud...
2026-09-13 20:47:23,293 [INFO] sagem.serial: Opened K-Line serial port COM9 at 10400 baud
2026-09-13 20:47:23,293 [INFO] sagem.serial: Initiating ISO 14230 Fast-Init on COM9...
2026-09-13 20:47:23,721 [WARNING] sagem.serial: Fast-Init failed: Timeout waiting for response frame start
2026-09-13 20:47:23,721 [INFO] sagem.serial: Fast-Init failed or no response; attempting Slow-Init...
2026-09-13 20:47:24,222 [INFO] sagem.serial: Attempting 5-Baud Slow-Init fallback on COM9...
2026-09-13 20:47:26,255 [WARNING] sagem.serial: Slow-init: Expected sync byte 0x55, got 00
2026-09-13 20:47:26,256 [ERROR] sagem: Connection failed: Failed to initialize ECU communication on COM9 via Fast-Init and Slow-Init.
2026-09-13 20:57:27,177 [INFO] sagem: Connecting to Sagem MC1000 on COM9 @ 10400 baud...
2026-09-13 20:57:27,189 [INFO] sagem.serial: Opened K-Line serial port COM9 at 10400 baud
2026-09-13 20:57:27,189 [INFO] sagem.serial: Physical hardware on COM9: testing Caponord Sagem MC1000 Slow-Init (0x33)...
2026-09-13 20:57:27,189 [INFO] sagem.serial: Attempting 5-Baud Slow-Init (target=0x33) on COM9...
2026-09-13 20:57:29,747 [INFO] sagem.serial: Slow-init: Received sync 0x55, KB1=0x08, KB2=0x08
2026-09-13 20:57:29,827 [INFO] sagem.serial: 5-Baud Slow-Init handshake successful (ACK 0xCC)!
2026-09-13 20:57:36,145 [INFO] sagem.serial: Closed K-Line serial port COM9
2026-09-13 20:59:48,265 [INFO] sagem: Connecting to Sagem MC1000 on COM9 @ 10400 baud...
2026-09-13 20:59:48,266 [INFO] sagem: Web dashboard active at http://localhost:8000
2026-09-13 20:59:48,275 [INFO] sagem.serial: Opened K-Line serial port COM9 at 10400 baud
2026-09-13 20:59:48,275 [INFO] sagem.serial: Physical hardware on COM9: testing Caponord Sagem MC1000 Slow-Init (0x33)...
2026-09-13 20:59:48,275 [INFO] sagem.serial: Attempting 5-Baud Slow-Init (target=0x33) on COM9...
2026-09-13 20:59:50,832 [INFO] sagem.serial: Slow-init: Received sync 0x55, KB1=0x08, KB2=0x08
2026-09-13 20:59:50,912 [INFO] sagem.serial: 5-Baud Slow-Init handshake successful (ACK 0xCC)!
2026-09-13 21:02:55,325 [INFO] sagem.serial: Closed K-Line serial port COM9
2026-09-13 21:03:16,850 [INFO] sagem: Connecting to Sagem MC1000 on COM9 @ 10400 baud...
2026-09-13 21:03:16,852 [INFO] sagem: Web dashboard active at http://localhost:8000
2026-09-13 21:03:16,861 [INFO] sagem.serial: Opened K-Line serial port COM9 at 10400 baud
2026-09-13 21:03:16,861 [INFO] sagem.serial: Physical hardware on COM9: testing Caponord Sagem MC1000 Slow-Init (0x33)...
2026-09-13 21:03:16,861 [INFO] sagem.serial: Attempting 5-Baud Slow-Init (target=0x33) on COM9...
2026-09-13 21:03:18,789 [INFO] sagem.web: WebSocket client connected (1 total)
2026-09-13 21:03:19,419 [INFO] sagem.serial: Slow-init: Received sync 0x55, KB1=0x08, KB2=0x08
2026-09-13 21:03:19,877 [WARNING] sagem.serial: Slow-init: Expected ack 0xCC, got f7
2026-09-13 21:03:19,877 [INFO] sagem.serial: Initiating ISO 14230 Fast-Init on COM9...
2026-09-13 21:03:20,307 [WARNING] sagem.serial: Fast-Init failed: Timeout waiting for response frame start
2026-09-13 21:03:20,308 [INFO] sagem.serial: Attempting Slow-Init (0x11)...
2026-09-13 21:03:20,809 [INFO] sagem.serial: Attempting 5-Baud Slow-Init (target=0x11) on COM9...
2026-09-13 21:03:24,153 [WARNING] sagem.serial: Slow-init: Expected sync byte 0x55 & key bytes, got None
2026-09-13 21:03:24,153 [ERROR] sagem: Connection failed: Failed to initialize ECU communication on COM9 via Slow-Init (0x33), Fast-Init, and Slow-Init (0x11).
2026-09-13 21:05:15,427 [INFO] sagem: Connecting to Sagem MC1000 on COM9 @ 10400 baud...
2026-09-13 21:05:15,429 [INFO] sagem: Web dashboard active at http://localhost:8000
2026-09-13 21:05:15,443 [INFO] sagem.serial: Opened K-Line serial port COM9 at 10400 baud
2026-09-13 21:05:15,443 [INFO] sagem.serial: Physical hardware on COM9: testing Caponord Sagem MC1000 Slow-Init (0x33)...
2026-09-13 21:05:15,443 [INFO] sagem.serial: Attempting 5-Baud Slow-Init (target=0x33) on COM9...
2026-09-13 21:05:17,382 [INFO] sagem.web: WebSocket client connected (1 total)
2026-09-13 21:05:18,002 [INFO] sagem.serial: Slow-init: Received sync 0x55, KB1=0x08, KB2=0x08
2026-09-13 21:05:18,081 [INFO] sagem.serial: 5-Baud Slow-Init handshake successful (ACK 0xCC)!
2026-09-13 21:06:35,348 [INFO] sagem.web: WebSocket client disconnected (0 remaining)
2026-09-13 21:06:39,063 [INFO] sagem.serial: Closed K-Line serial port COM9
2026-09-13 21:06:41,840 [INFO] sagem: Connecting to Sagem MC1000 on COM9 @ 10400 baud...
2026-09-13 21:06:41,847 [INFO] sagem.serial: Opened K-Line serial port COM9 at 10400 baud
2026-09-13 21:06:41,847 [INFO] sagem.serial: Physical hardware on COM9: testing Caponord Sagem MC1000 Slow-Init (0x33)...
2026-09-13 21:06:41,847 [INFO] sagem.serial: Attempting 5-Baud Slow-Init (target=0x33) on COM9...
2026-09-13 21:06:44,404 [INFO] sagem.serial: Slow-init: Received sync 0x55, KB1=0x08, KB2=0x08
2026-09-13 21:06:44,485 [INFO] sagem.serial: 5-Baud Slow-Init handshake successful (ACK 0xCC)!
2026-09-13 21:06:50,383 [INFO] sagem.serial: Closed K-Line serial port COM9
2026-09-13 21:07:45,859 [INFO] sagem: Connecting to Sagem MC1000 on COM9 @ 10400 baud...
2026-09-13 21:07:45,873 [INFO] sagem.serial: Opened K-Line serial port COM9 at 10400 baud
2026-09-13 21:07:45,873 [INFO] sagem.serial: Physical hardware on COM9: testing Caponord Sagem MC1000 Slow-Init (0x33)...
2026-09-13 21:07:45,873 [INFO] sagem.serial: Attempting 5-Baud Slow-Init (target=0x33) on COM9...
2026-09-13 21:07:48,432 [INFO] sagem.serial: Slow-init: Received sync 0x55, KB1=0x08, KB2=0x08
2026-09-13 21:07:48,899 [WARNING] sagem.serial: Slow-init: Expected ack 0xCC, got f7
2026-09-13 21:07:48,900 [INFO] sagem.serial: Initiating ISO 14230 Fast-Init on COM9...
2026-09-13 21:07:49,327 [WARNING] sagem.serial: Fast-Init failed: Timeout waiting for response frame start
2026-09-13 21:07:49,327 [INFO] sagem.serial: Attempting Slow-Init (0x11)...
2026-09-13 21:07:49,828 [INFO] sagem.serial: Attempting 5-Baud Slow-Init (target=0x11) on COM9...
2026-09-13 21:07:53,157 [WARNING] sagem.serial: Slow-init: Expected sync byte 0x55 & key bytes, got None
2026-09-13 21:07:53,157 [ERROR] sagem: Connection failed: Failed to initialize ECU communication on COM9 via Slow-Init (0x33), Fast-Init, and Slow-Init (0x11).
2026-09-13 21:08:03,248 [INFO] sagem: Connecting to Sagem MC1000 on COM9 @ 10400 baud...
2026-09-13 21:08:03,256 [INFO] sagem.serial: Opened K-Line serial port COM9 at 10400 baud
2026-09-13 21:08:03,256 [INFO] sagem.serial: Physical hardware on COM9: testing Caponord Sagem MC1000 Slow-Init (0x33)...
2026-09-13 21:08:03,256 [INFO] sagem.serial: Attempting 5-Baud Slow-Init (target=0x33) on COM9...
2026-09-13 21:08:05,813 [INFO] sagem.serial: Slow-init: Received sync 0x55, KB1=0x08, KB2=0x08
2026-09-13 21:08:05,893 [INFO] sagem.serial: 5-Baud Slow-Init handshake successful (ACK 0xCC)!
2026-09-14 09:43:55,862 [INFO] sagem: Connecting to Sagem MC1000 on COM9 @ 10400 baud...
2026-09-14 09:43:55,877 [INFO] sagem.serial: Opened K-Line serial port COM9 at 10400 baud
2026-09-14 09:43:55,877 [INFO] sagem.serial: Physical hardware on COM9: testing Caponord Sagem MC1000 Slow-Init (0x33)...
2026-09-14 09:43:55,877 [INFO] sagem.serial: Attempting 5-Baud Slow-Init (target=0x33) on COM9...
2026-09-14 09:43:58,419 [INFO] sagem.serial: Slow-init: Received sync 0x55, KB1=0x08, KB2=0x08
2026-09-14 09:43:58,500 [INFO] sagem.serial: 5-Baud Slow-Init handshake successful (ACK 0xCC)!
2026-09-14 09:44:07,026 [INFO] sagem.serial: Closed K-Line serial port COM9
2026-09-14 09:44:09,597 [INFO] sagem: Connecting to Sagem MC1000 on COM9 @ 10400 baud...
2026-09-14 09:44:09,599 [INFO] sagem: Web dashboard active at http://localhost:8000
2026-09-14 09:44:09,609 [INFO] sagem.serial: Opened K-Line serial port COM9 at 10400 baud
2026-09-14 09:44:09,609 [INFO] sagem.serial: Physical hardware on COM9: testing Caponord Sagem MC1000 Slow-Init (0x33)...
2026-09-14 09:44:09,609 [INFO] sagem.serial: Attempting 5-Baud Slow-Init (target=0x33) on COM9...
2026-09-14 09:44:11,373 [INFO] sagem.web: WebSocket client connected (1 total)
2026-09-14 09:44:12,167 [INFO] sagem.serial: Slow-init: Received sync 0x55, KB1=0x08, KB2=0x08
2026-09-14 09:44:12,247 [INFO] sagem.serial: 5-Baud Slow-Init handshake successful (ACK 0xCC)!
2026-09-14 09:45:15,532 [WARNING] sagem.recorder: >>> FLIGHT RECORDER TRIGGERED: TRIGGER_D_STEADY_TPS_RPM_DROP - Cruising stutter: RPM dropped from 4008 to 3307 (-701 RPM in 433ms) while TPS held steady at 4.3%
2026-09-14 09:45:19,507 [INFO] sagem.recorder: Captured flight recorder event saved: capture_20260914_094515_401_trigger_d_steady_tps_rpm_drop.csv, capture_20260914_094515_401_trigger_d_steady_tps_rpm_drop.json, capture_20260914_094515_401_trigger_d_steady_tps_rpm_drop_report.txt
2026-09-14 09:45:19,508 [INFO] sagem: Flight recorder event completed: capture_20260914_094515_401_trigger_d_steady_tps_rpm_drop -> Trigger: Constant TPS Cruising Stutter / Misfire (RPM: 3307, TPS: 4.3%, Volts: 14.10V, ECT: 35.0°C). Analysis: Sudden RPM drop while throttle held constant above idle. Classic Caponord cruising hesitation under load. Elevated combustion pressure during steady cruise creates high secondary voltage demand, causing failing pencil coil(s) (Coils 33-36) to arc through the body to the cylinder head, or triggering VR pick-up timing jitter. Note: Does not occur at idle due to low cylinder pressure.
2026-09-14 09:45:19,650 [INFO] sagem.serial: Closed K-Line serial port COM9
2026-09-14 09:58:41,124 [INFO] sagem: Connecting to Sagem MC1000 on COM9 @ 10400 baud...
2026-09-14 09:58:41,125 [INFO] sagem: Web dashboard active at http://localhost:8000
2026-09-14 09:58:41,141 [INFO] sagem.serial: Opened K-Line serial port COM9 at 10400 baud
2026-09-14 09:58:41,141 [INFO] sagem.serial: Physical hardware on COM9: testing Caponord Sagem MC1000 Slow-Init (0x33)...
2026-09-14 09:58:41,141 [INFO] sagem.serial: Attempting 5-Baud Slow-Init (target=0x33) on COM9...
2026-09-14 09:58:42,839 [INFO] sagem.web: WebSocket client connected (1 total)
2026-09-14 09:58:44,483 [WARNING] sagem.serial: Slow-init: Expected sync byte 0x55 & key bytes, got None
2026-09-14 09:58:44,484 [INFO] sagem.serial: Initiating ISO 14230 Fast-Init on COM9...
2026-09-14 09:58:44,745 [WARNING] sagem.serial: Fast-Init failed: Echo timeout: expected 5 bytes, received 0 bytes ()
2026-09-14 09:58:44,746 [INFO] sagem.serial: Attempting Slow-Init (0x11)...
2026-09-14 09:58:45,247 [INFO] sagem.serial: Attempting 5-Baud Slow-Init (target=0x11) on COM9...
2026-09-14 09:58:46,963 [INFO] sagem.web: WebSocket client disconnected (0 remaining)
2026-09-14 09:58:48,576 [WARNING] sagem.serial: Slow-init: Expected sync byte 0x55 & key bytes, got None
2026-09-14 09:58:48,576 [ERROR] sagem: Connection failed: Failed to initialize ECU communication on COM9 via Slow-Init (0x33), Fast-Init, and Slow-Init (0x11).
2026-09-14 09:58:56,833 [INFO] sagem: Connecting to Sagem MC1000 on COM9 @ 10400 baud...
2026-09-14 09:58:56,835 [INFO] sagem: Web dashboard active at http://localhost:8000
2026-09-14 09:58:56,850 [INFO] sagem.serial: Opened K-Line serial port COM9 at 10400 baud
2026-09-14 09:58:56,850 [INFO] sagem.serial: Physical hardware on COM9: testing Caponord Sagem MC1000 Slow-Init (0x33)...
2026-09-14 09:58:56,850 [INFO] sagem.serial: Attempting 5-Baud Slow-Init (target=0x33) on COM9...
2026-09-14 09:58:58,511 [INFO] sagem.web: WebSocket client connected (1 total)
2026-09-14 09:58:59,408 [INFO] sagem.serial: Slow-init: Received sync 0x55, KB1=0x08, KB2=0x08
2026-09-14 09:58:59,487 [INFO] sagem.serial: 5-Baud Slow-Init handshake successful (ACK 0xCC)!
2026-09-14 10:01:49,693 [INFO] sagem.serial: Closed K-Line serial port COM9
2026-09-14 10:47:58,340 [INFO] sagem: Connecting to Sagem MC1000 on COM9 @ 10400 baud...
2026-09-14 10:47:58,343 [INFO] sagem: Web dashboard active at http://localhost:8000
2026-09-14 10:47:58,363 [INFO] sagem.serial: Opened K-Line serial port COM9 at 10400 baud
2026-09-14 10:47:58,363 [INFO] sagem.serial: Physical hardware on COM9: testing Caponord Sagem MC1000 Slow-Init (0x33)...
2026-09-14 10:47:58,363 [INFO] sagem.serial: Attempting 5-Baud Slow-Init (target=0x33) on COM9...
2026-09-14 10:48:00,250 [INFO] sagem.web: WebSocket client connected (1 total)
2026-09-14 10:48:00,920 [INFO] sagem.serial: Slow-init: Received sync 0x55, KB1=0x08, KB2=0x08
2026-09-14 10:48:01,001 [INFO] sagem.serial: 5-Baud Slow-Init handshake successful (ACK 0xCC)!
2026-09-14 10:51:19,325 [INFO] sagem.web: WebSocket client disconnected (0 remaining)
2026-09-14 10:51:27,752 [INFO] sagem.web: WebSocket client connected (1 total)
2026-09-14 10:51:29,539 [INFO] sagem.web: WebSocket client disconnected (0 remaining)
2026-09-14 10:51:36,379 [INFO] sagem.web: WebSocket client connected (1 total)
2026-09-14 10:52:14,474 [INFO] sagem.web: WebSocket client disconnected (0 remaining)
2026-09-14 10:52:17,700 [INFO] sagem.serial: Closed K-Line serial port COM9
2026-09-14 10:52:21,731 [INFO] sagem: Connecting to Sagem MC1000 on COM9 @ 10400 baud...
2026-09-14 10:52:21,733 [INFO] sagem: Web dashboard active at http://localhost:8000
2026-09-14 10:52:21,736 [INFO] sagem.serial: Opened K-Line serial port COM9 at 10400 baud
2026-09-14 10:52:21,736 [INFO] sagem.serial: Physical hardware on COM9: testing Caponord Sagem MC1000 Slow-Init (0x33)...
2026-09-14 10:52:21,736 [INFO] sagem.serial: Attempting 5-Baud Slow-Init (target=0x33) on COM9...
2026-09-14 10:52:23,614 [INFO] sagem.web: WebSocket client connected (1 total)
2026-09-14 10:52:24,294 [INFO] sagem.serial: Slow-init: Received sync 0x55, KB1=0x08, KB2=0x08
2026-09-14 10:52:24,753 [WARNING] sagem.serial: Slow-init: Expected ack 0xCC, got f7
2026-09-14 10:52:24,754 [INFO] sagem.serial: Initiating ISO 14230 Fast-Init on COM9...
2026-09-14 10:52:25,181 [WARNING] sagem.serial: Fast-Init failed: Timeout waiting for response frame start
2026-09-14 10:52:25,181 [INFO] sagem.serial: Attempting Slow-Init (0x11)...
2026-09-14 10:52:25,682 [INFO] sagem.serial: Attempting 5-Baud Slow-Init (target=0x11) on COM9...
2026-09-14 10:52:29,019 [WARNING] sagem.serial: Slow-init: Expected sync byte 0x55 & key bytes, got None
2026-09-14 10:52:29,019 [ERROR] sagem: Connection failed: Failed to initialize ECU communication on COM9 via Slow-Init (0x33), Fast-Init, and Slow-Init (0x11).
2026-09-14 10:53:11,468 [INFO] sagem: Connecting to Sagem MC1000 on COM9 @ 10400 baud...
2026-09-14 10:53:11,470 [INFO] sagem: Web dashboard active at http://localhost:8000
2026-09-14 10:53:11,486 [INFO] sagem.serial: Opened K-Line serial port COM9 at 10400 baud
2026-09-14 10:53:11,486 [INFO] sagem.serial: Physical hardware on COM9: testing Caponord Sagem MC1000 Slow-Init (0x33)...
2026-09-14 10:53:11,486 [INFO] sagem.serial: Attempting 5-Baud Slow-Init (target=0x33) on COM9...
2026-09-14 10:53:13,462 [INFO] sagem.web: WebSocket client connected (1 total)
2026-09-14 10:53:14,044 [INFO] sagem.serial: Slow-init: Received sync 0x55, KB1=0x08, KB2=0x08
2026-09-14 10:53:14,513 [WARNING] sagem.serial: Slow-init: Expected ack 0xCC, got f7
2026-09-14 10:53:14,514 [INFO] sagem.serial: Initiating ISO 14230 Fast-Init on COM9...
2026-09-14 10:53:14,937 [WARNING] sagem.serial: Fast-Init failed: Timeout waiting for response frame start
2026-09-14 10:53:14,938 [INFO] sagem.serial: Attempting Slow-Init (0x11)...
2026-09-14 10:53:15,439 [INFO] sagem.serial: Attempting 5-Baud Slow-Init (target=0x11) on COM9...
2026-09-14 10:53:18,776 [WARNING] sagem.serial: Slow-init: Expected sync byte 0x55 & key bytes, got None
2026-09-14 10:53:18,776 [ERROR] sagem: Connection failed: Failed to initialize ECU communication on COM9 via Slow-Init (0x33), Fast-Init, and Slow-Init (0x11).
2026-09-14 10:54:35,862 [INFO] sagem: Connecting to Sagem MC1000 on COM9 @ 10400 baud...
2026-09-14 10:54:35,868 [INFO] sagem.serial: Opened K-Line serial port COM9 at 10400 baud
2026-09-14 10:54:35,868 [INFO] sagem.serial: Physical hardware on COM9: testing Caponord Sagem MC1000 Slow-Init (0x33)...
2026-09-14 10:54:35,869 [INFO] sagem.serial: Attempting 5-Baud Slow-Init (target=0x33) on COM9...
2026-09-14 10:54:38,426 [INFO] sagem.serial: Slow-init: Received sync 0x55, KB1=0x08, KB2=0x08
2026-09-14 10:54:38,506 [INFO] sagem.serial: 5-Baud Slow-Init handshake successful (ACK 0xCC)!
2026-09-14 10:54:53,731 [INFO] sagem.serial: Closed K-Line serial port COM9
2026-09-14 10:54:56,729 [INFO] sagem: Connecting to Sagem MC1000 on COM9 @ 10400 baud...
2026-09-14 10:54:56,733 [INFO] sagem: Web dashboard active at http://localhost:8000
2026-09-14 10:54:56,749 [INFO] sagem.serial: Opened K-Line serial port COM9 at 10400 baud
2026-09-14 10:54:56,754 [INFO] sagem.serial: Physical hardware on COM9: testing Caponord Sagem MC1000 Slow-Init (0x33)...
2026-09-14 10:54:56,754 [INFO] sagem.serial: Attempting 5-Baud Slow-Init (target=0x33) on COM9...
2026-09-14 10:54:58,612 [INFO] sagem.web: WebSocket client connected (1 total)
2026-09-14 10:54:59,311 [INFO] sagem.serial: Slow-init: Received sync 0x55, KB1=0x08, KB2=0x08
2026-09-14 10:54:59,391 [INFO] sagem.serial: 5-Baud Slow-Init handshake successful (ACK 0xCC)!
2026-09-14 11:04:01,086 [INFO] sagem.web: WebSocket client disconnected (0 remaining)
2026-09-14 11:04:04,739 [INFO] sagem.web: WebSocket client connected (1 total)
2026-09-14 11:14:43,809 [INFO] sagem.web: WebSocket client disconnected (0 remaining)
2026-09-14 11:14:43,815 [INFO] sagem.web: WebSocket client connected (1 total)
2026-09-14 11:14:48,118 [INFO] sagem.web: WebSocket client disconnected (0 remaining)
2026-09-14 11:43:12,155 [INFO] sagem.web: WebSocket client connected (1 total)
2026-09-14 11:45:00,359 [INFO] sagem.web: WebSocket client disconnected (0 remaining)
2026-09-14 11:45:14,712 [INFO] sagem.serial: Closed K-Line serial port COM9
2026-09-14 11:45:27,286 [INFO] sagem: Connecting to Sagem MC1000 on COM9 @ 10400 baud...
2026-09-14 11:45:27,288 [INFO] sagem: Web dashboard active at http://localhost:8000
2026-09-14 11:45:27,290 [INFO] sagem.serial: Opened K-Line serial port COM9 at 10400 baud
2026-09-14 11:45:27,290 [INFO] sagem.serial: Physical hardware on COM9: testing Caponord Sagem MC1000 Slow-Init (0x33)...
2026-09-14 11:45:27,291 [INFO] sagem.serial: Attempting 5-Baud Slow-Init (target=0x33) on COM9...
2026-09-14 11:45:29,264 [INFO] sagem.web: WebSocket client connected (1 total)
2026-09-14 11:45:29,848 [INFO] sagem.serial: Slow-init: Received sync 0x55, KB1=0x08, KB2=0x08
2026-09-14 11:45:30,304 [WARNING] sagem.serial: Slow-init: Expected ack 0xCC, got f7
2026-09-14 11:45:30,304 [INFO] sagem.serial: Initiating ISO 14230 Fast-Init on COM9...
2026-09-14 11:45:30,730 [WARNING] sagem.serial: Fast-Init failed: Timeout waiting for response frame start
2026-09-14 11:45:30,731 [INFO] sagem.serial: Attempting Slow-Init (0x11)...
2026-09-14 11:45:31,232 [INFO] sagem.serial: Attempting 5-Baud Slow-Init (target=0x11) on COM9...
2026-09-14 11:45:34,565 [WARNING] sagem.serial: Slow-init: Expected sync byte 0x55 & key bytes, got None
2026-09-14 11:45:34,566 [ERROR] sagem: Connection failed: Failed to initialize ECU communication on COM9 via Slow-Init (0x33), Fast-Init, and Slow-Init (0x11).
2026-09-14 11:45:41,367 [INFO] sagem: Connecting to Sagem MC1000 on COM9 @ 10400 baud...
2026-09-14 11:45:41,383 [INFO] sagem.serial: Opened K-Line serial port COM9 at 10400 baud
2026-09-14 11:45:41,384 [INFO] sagem.serial: Physical hardware on COM9: testing Caponord Sagem MC1000 Slow-Init (0x33)...
2026-09-14 11:45:41,384 [INFO] sagem.serial: Attempting 5-Baud Slow-Init (target=0x33) on COM9...
2026-09-14 11:45:43,941 [INFO] sagem.serial: Slow-init: Received sync 0x55, KB1=0x08, KB2=0x08
2026-09-14 11:45:44,022 [INFO] sagem.serial: 5-Baud Slow-Init handshake successful (ACK 0xCC)!
2026-09-14 11:45:48,796 [INFO] sagem.serial: Closed K-Line serial port COM9
2026-09-14 11:45:52,839 [INFO] sagem: Connecting to Sagem MC1000 on COM9 @ 10400 baud...
2026-09-14 11:45:52,840 [INFO] sagem: Web dashboard active at http://localhost:8000
2026-09-14 11:45:52,850 [INFO] sagem.serial: Opened K-Line serial port COM9 at 10400 baud
2026-09-14 11:45:52,850 [INFO] sagem.serial: Physical hardware on COM9: testing Caponord Sagem MC1000 Slow-Init (0x33)...
2026-09-14 11:45:52,850 [INFO] sagem.serial: Attempting 5-Baud Slow-Init (target=0x33) on COM9...
2026-09-14 11:45:54,855 [INFO] sagem.web: WebSocket client connected (1 total)
2026-09-14 11:45:55,407 [INFO] sagem.serial: Slow-init: Received sync 0x55, KB1=0x08, KB2=0x08
2026-09-14 11:45:55,487 [INFO] sagem.serial: 5-Baud Slow-Init handshake successful (ACK 0xCC)!
2026-09-14 11:54:53,116 [INFO] sagem.recorder: Captured flight recorder event saved: capture_20260914_115446_218_manual_trigger.csv, capture_20260914_115446_218_manual_trigger.json, capture_20260914_115446_218_manual_trigger_report.txt
2026-09-14 11:54:53,119 [INFO] sagem: Blackbox capture #1 saved: capture_20260914_115446_218_manual_trigger.csv [MANUAL_TRIGGER | RPM: 1322, TPS: 3.1%, Adv: 8.5°, Dwell: 2.40ms, EFI: OFF]
2026-09-14 12:00:08,928 [INFO] sagem.recorder: Captured flight recorder event saved: capture_20260914_120002_019_manual_trigger.csv, capture_20260914_120002_019_manual_trigger.json, capture_20260914_120002_019_manual_trigger_report.txt
2026-09-14 12:00:08,930 [INFO] sagem: Blackbox capture #2 saved: capture_20260914_120002_019_manual_trigger.csv [MANUAL_TRIGGER | RPM: 1332, TPS: 3.1%, Adv: 9.0°, Dwell: 2.40ms, EFI: OFF]
2026-09-14 12:01:19,216 [INFO] sagem.recorder: Captured flight recorder event saved: capture_20260914_120111_909_manual_trigger.csv, capture_20260914_120111_909_manual_trigger.json, capture_20260914_120111_909_manual_trigger_report.txt
2026-09-14 12:01:19,219 [INFO] sagem: Blackbox capture #3 saved: capture_20260914_120111_909_manual_trigger.csv [MANUAL_TRIGGER | RPM: 4686, TPS: 3.5%, Adv: 60.0°, Dwell: 2.40ms, EFI: OFF]
2026-09-14 12:01:26,397 [INFO] sagem.recorder: Captured flight recorder event saved: capture_20260914_120119_667_manual_trigger.csv, capture_20260914_120119_667_manual_trigger.json, capture_20260914_120119_667_manual_trigger_report.txt
2026-09-14 12:01:26,421 [INFO] sagem: Blackbox capture #4 saved: capture_20260914_120119_667_manual_trigger.csv [MANUAL_TRIGGER | RPM: 1310, TPS: 4.7%, Adv: 9.0°, Dwell: 2.40ms, EFI: OFF]
2026-09-14 12:01:33,633 [INFO] sagem.recorder: Captured flight recorder event saved: capture_20260914_120126_433_manual_trigger.csv, capture_20260914_120126_433_manual_trigger.json, capture_20260914_120126_433_manual_trigger_report.txt
2026-09-14 12:01:33,635 [INFO] sagem: Blackbox capture #5 saved: capture_20260914_120126_433_manual_trigger.csv [MANUAL_TRIGGER | RPM: 4847, TPS: 3.5%, Adv: 60.0°, Dwell: 2.40ms, EFI: OFF]
2026-09-14 12:01:41,728 [INFO] sagem.recorder: Captured flight recorder event saved: capture_20260914_120134_276_manual_trigger.csv, capture_20260914_120134_276_manual_trigger.json, capture_20260914_120134_276_manual_trigger_report.txt
2026-09-14 12:01:41,730 [INFO] sagem: Blackbox capture #6 saved: capture_20260914_120134_276_manual_trigger.csv [MANUAL_TRIGGER | RPM: 4961, TPS: 13.3%, Adv: 35.2°, Dwell: 2.40ms, EFI: OFF]
2026-09-14 12:02:06,667 [INFO] sagem.recorder: Captured flight recorder event saved: capture_20260914_120200_004_manual_trigger.csv, capture_20260914_120200_004_manual_trigger.json, capture_20260914_120200_004_manual_trigger_report.txt
2026-09-14 12:02:06,671 [INFO] sagem: Blackbox capture #7 saved: capture_20260914_120200_004_manual_trigger.csv [MANUAL_TRIGGER | RPM: 2856, TPS: 11.4%, Adv: 21.5°, Dwell: 2.40ms, EFI: OFF]
2026-09-14 12:02:17,575 [INFO] sagem.recorder: Captured flight recorder event saved: capture_20260914_120210_635_manual_trigger.csv, capture_20260914_120210_635_manual_trigger.json, capture_20260914_120210_635_manual_trigger_report.txt
2026-09-14 12:02:17,577 [INFO] sagem: Blackbox capture #8 saved: capture_20260914_120210_635_manual_trigger.csv [MANUAL_TRIGGER | RPM: 2632, TPS: 5.9%, Adv: 33.0°, Dwell: 2.40ms, EFI: OFF]
2026-09-14 12:02:20,367 [INFO] sagem.web: WebSocket client disconnected (0 remaining)
2026-09-14 12:02:24,179 [INFO] sagem.recorder: Captured flight recorder event saved: capture_20260914_120217_143_manual_trigger.csv, capture_20260914_120217_143_manual_trigger.json, capture_20260914_120217_143_manual_trigger_report.txt
2026-09-14 12:02:24,181 [INFO] sagem: Blackbox capture #9 saved: capture_20260914_120217_143_manual_trigger.csv [MANUAL_TRIGGER | RPM: 2732, TPS: 14.9%, Adv: 16.0°, Dwell: 2.40ms, EFI: OFF]
2026-09-14 12:03:48,760 [INFO] sagem.serial: Closed K-Line serial port COM9
2026-09-16 22:56:28,037 [INFO] sagem: Connecting to Sagem MC1000 on COM9 @ 10400 baud...
2026-09-16 22:56:28,042 [INFO] sagem: Web dashboard active at http://localhost:8000
2026-09-16 22:56:28,048 [INFO] sagem.serial: Opened K-Line serial port COM9 at 10400 baud
2026-09-16 22:56:28,048 [INFO] sagem.serial: Physical hardware on COM9: testing Caponord Sagem MC1000 Slow-Init (0x33)...
2026-09-16 22:56:28,048 [INFO] sagem.serial: Attempting 5-Baud Slow-Init (target=0x33) on COM9...
2026-09-16 22:56:30,265 [INFO] sagem.web: WebSocket client connected (1 total)
2026-09-16 22:56:30,605 [INFO] sagem.serial: Slow-init: Received sync 0x55, KB1=0x08, KB2=0x08
2026-09-16 22:56:30,686 [INFO] sagem.serial: 5-Baud Slow-Init handshake successful (ACK 0xCC)!
2026-09-16 23:03:23,633 [INFO] sagem.serial: Closed K-Line serial port COM9
2026-09-16 23:03:29,390 [INFO] sagem: Connecting to Sagem MC1000 on COM9 @ 10400 baud...
2026-09-16 23:03:29,393 [INFO] sagem: Web dashboard active at http://localhost:8000
2026-09-16 23:03:29,407 [INFO] sagem.serial: Opened K-Line serial port COM9 at 10400 baud
2026-09-16 23:03:29,407 [INFO] sagem.serial: Physical hardware on COM9: testing Caponord Sagem MC1000 Slow-Init (0x33)...
2026-09-16 23:03:29,407 [INFO] sagem.serial: Attempting 5-Baud Slow-Init (target=0x33) on COM9...
2026-09-16 23:03:30,728 [INFO] sagem.web: WebSocket client connected (1 total)
2026-09-16 23:03:31,005 [INFO] sagem.web: WebSocket client connected (2 total)
2026-09-16 23:03:31,966 [INFO] sagem.serial: Slow-init: Received sync 0x55, KB1=0x08, KB2=0x08
2026-09-16 23:03:32,433 [WARNING] sagem.serial: Slow-init: Expected ack 0xCC, got f7
2026-09-16 23:03:32,433 [INFO] sagem.serial: Initiating ISO 14230 Fast-Init on COM9...
2026-09-16 23:03:32,721 [INFO] sagem.web: WebSocket client disconnected (1 remaining)
2026-09-16 23:03:32,851 [WARNING] sagem.serial: Fast-Init failed: Timeout waiting for response frame start
2026-09-16 23:03:32,851 [INFO] sagem.serial: Attempting Slow-Init (0x11)...
2026-09-16 23:03:33,352 [INFO] sagem.serial: Attempting 5-Baud Slow-Init (target=0x11) on COM9...
2026-09-16 23:03:36,691 [WARNING] sagem.serial: Slow-init: Expected sync byte 0x55 & key bytes, got None
2026-09-16 23:03:36,692 [ERROR] sagem: Connection failed: Failed to initialize ECU communication on COM9 via Slow-Init (0x33), Fast-Init, and Slow-Init (0x11).
2026-09-16 23:03:43,714 [INFO] sagem: Connecting to Sagem MC1000 on COM9 @ 10400 baud...
2026-09-16 23:03:43,724 [INFO] sagem.serial: Opened K-Line serial port COM9 at 10400 baud
2026-09-16 23:03:43,725 [INFO] sagem.serial: Physical hardware on COM9: testing Caponord Sagem MC1000 Slow-Init (0x33)...
2026-09-16 23:03:43,725 [INFO] sagem.serial: Attempting 5-Baud Slow-Init (target=0x33) on COM9...
2026-09-16 23:03:46,283 [INFO] sagem.serial: Slow-init: Received sync 0x55, KB1=0x08, KB2=0x08
2026-09-16 23:03:46,364 [INFO] sagem.serial: 5-Baud Slow-Init handshake successful (ACK 0xCC)!
2026-09-16 23:03:48,705 [INFO] sagem.serial: Closed K-Line serial port COM9
2026-09-16 23:03:51,225 [INFO] sagem: Connecting to Sagem MC1000 on COM9 @ 10400 baud...
2026-09-16 23:03:51,226 [INFO] sagem: Web dashboard active at http://localhost:8000
2026-09-16 23:03:51,229 [INFO] sagem.serial: Opened K-Line serial port COM9 at 10400 baud
2026-09-16 23:03:51,229 [INFO] sagem.serial: Physical hardware on COM9: testing Caponord Sagem MC1000 Slow-Init (0x33)...
2026-09-16 23:03:51,229 [INFO] sagem.serial: Attempting 5-Baud Slow-Init (target=0x33) on COM9...
2026-09-16 23:03:52,633 [INFO] sagem.web: WebSocket client connected (1 total)
2026-09-16 23:03:53,787 [INFO] sagem.serial: Slow-init: Received sync 0x55, KB1=0x08, KB2=0x08
2026-09-16 23:03:53,867 [INFO] sagem.serial: 5-Baud Slow-Init handshake successful (ACK 0xCC)!
2026-09-16 23:05:40,947 [INFO] sagem.serial: Closed K-Line serial port COM9
2026-09-17 09:47:00,022 [INFO] sagem: Connecting to Sagem MC1000 on COM9 @ 10400 baud...
2026-09-17 09:47:00,024 [INFO] sagem: Web dashboard active at http://localhost:8000
2026-09-17 09:47:00,044 [INFO] sagem.serial: Opened K-Line serial port COM9 at 10400 baud
2026-09-17 09:47:00,045 [INFO] sagem.serial: Physical hardware on COM9: testing Caponord Sagem MC1000 Slow-Init (0x33)...
2026-09-17 09:47:00,045 [INFO] sagem.serial: Attempting 5-Baud Slow-Init (target=0x33) on COM9...
2026-09-17 09:47:02,253 [INFO] sagem.web: WebSocket client connected (1 total)
2026-09-17 09:47:02,602 [INFO] sagem.serial: Slow-init: Received sync 0x55, KB1=0x08, KB2=0x08
2026-09-17 09:47:03,080 [WARNING] sagem.serial: Slow-init: Expected ack 0xCC, got f7
2026-09-17 09:47:03,081 [INFO] sagem.serial: Initiating ISO 14230 Fast-Init on COM9...
2026-09-17 09:47:03,496 [WARNING] sagem.serial: Fast-Init failed: Timeout waiting for response frame start
2026-09-17 09:47:03,497 [INFO] sagem.serial: Attempting Slow-Init (0x11)...
2026-09-17 09:47:03,997 [INFO] sagem.serial: Attempting 5-Baud Slow-Init (target=0x11) on COM9...
2026-09-17 09:47:07,336 [WARNING] sagem.serial: Slow-init: Expected sync byte 0x55 & key bytes, got None
2026-09-17 09:47:07,336 [ERROR] sagem: Connection failed: Failed to initialize ECU communication on COM9 via Slow-Init (0x33), Fast-Init, and Slow-Init (0x11).
2026-09-17 09:47:17,035 [INFO] sagem: Connecting to Sagem MC1000 on COM9 @ 10400 baud...
2026-09-17 09:47:17,039 [INFO] sagem.serial: Opened K-Line serial port COM9 at 10400 baud
2026-09-17 09:47:17,039 [INFO] sagem.serial: Physical hardware on COM9: testing Caponord Sagem MC1000 Slow-Init (0x33)...
2026-09-17 09:47:17,039 [INFO] sagem.serial: Attempting 5-Baud Slow-Init (target=0x33) on COM9...
2026-09-17 09:47:19,581 [INFO] sagem.serial: Slow-init: Received sync 0x55, KB1=0x08, KB2=0x08
2026-09-17 09:47:19,661 [INFO] sagem.serial: 5-Baud Slow-Init handshake successful (ACK 0xCC)!
2026-09-17 09:47:23,715 [INFO] sagem.serial: Closed K-Line serial port COM9
2026-09-17 09:47:29,005 [INFO] sagem: Connecting to Sagem MC1000 on COM9 @ 10400 baud...
2026-09-17 09:47:29,007 [INFO] sagem: Web dashboard active at http://localhost:8000
2026-09-17 09:47:29,021 [INFO] sagem.serial: Opened K-Line serial port COM9 at 10400 baud
2026-09-17 09:47:29,021 [INFO] sagem.serial: Physical hardware on COM9: testing Caponord Sagem MC1000 Slow-Init (0x33)...
2026-09-17 09:47:29,021 [INFO] sagem.serial: Attempting 5-Baud Slow-Init (target=0x33) on COM9...
2026-09-17 09:47:30,393 [INFO] sagem.web: WebSocket client connected (1 total)
2026-09-17 09:47:31,579 [INFO] sagem.serial: Slow-init: Received sync 0x55, KB1=0x08, KB2=0x08
2026-09-17 09:47:32,042 [WARNING] sagem.serial: Slow-init: Expected ack 0xCC, got f7
2026-09-17 09:47:32,042 [INFO] sagem.serial: Initiating ISO 14230 Fast-Init on COM9...
2026-09-17 09:47:32,466 [WARNING] sagem.serial: Fast-Init failed: Timeout waiting for response frame start
2026-09-17 09:47:32,467 [INFO] sagem.serial: Attempting Slow-Init (0x11)...
2026-09-17 09:47:32,968 [INFO] sagem.serial: Attempting 5-Baud Slow-Init (target=0x11) on COM9...
2026-09-17 09:47:36,307 [WARNING] sagem.serial: Slow-init: Expected sync byte 0x55 & key bytes, got None
2026-09-17 09:47:36,308 [ERROR] sagem: Connection failed: Failed to initialize ECU communication on COM9 via Slow-Init (0x33), Fast-Init, and Slow-Init (0x11).
2026-09-17 09:47:44,328 [INFO] sagem: Connecting to Sagem MC1000 on COM9 @ 10400 baud...
2026-09-17 09:47:44,331 [INFO] sagem: Web dashboard active at http://localhost:8000
2026-09-17 09:47:44,351 [INFO] sagem.serial: Opened K-Line serial port COM9 at 10400 baud
2026-09-17 09:47:44,352 [INFO] sagem.serial: Physical hardware on COM9: testing Caponord Sagem MC1000 Slow-Init (0x33)...
2026-09-17 09:47:44,352 [INFO] sagem.serial: Attempting 5-Baud Slow-Init (target=0x33) on COM9...
2026-09-17 09:47:44,762 [INFO] sagem.web: WebSocket client connected (1 total)
2026-09-17 09:47:45,700 [INFO] sagem.web: WebSocket client connected (2 total)
2026-09-17 09:47:46,894 [INFO] sagem.serial: Slow-init: Received sync 0x55, KB1=0x08, KB2=0x08
2026-09-17 09:47:46,974 [INFO] sagem.serial: 5-Baud Slow-Init handshake successful (ACK 0xCC)!
2026-09-17 09:47:50,257 [INFO] sagem.web: WebSocket client disconnected (1 remaining)
2026-09-17 09:50:54,215 [WARNING] sagem.recorder: >>> FLIGHT RECORDER TRIGGERED: TRIGGER_G_ROLL_ON_BOG - Roll-on bog: Throttle opened +32.5% (to 35.7%), but RPM dropped from 5449 to 4487 (-962 RPM)
2026-09-17 09:51:10,902 [INFO] sagem.recorder: Captured flight recorder event saved: capture_20260917_095053_956_trigger_g_roll_on_bog.csv, capture_20260917_095053_956_trigger_g_roll_on_bog.json, capture_20260917_095053_956_trigger_g_roll_on_bog_report.txt
2026-09-17 09:51:10,904 [INFO] sagem: Blackbox capture #1 saved: capture_20260917_095053_956_trigger_g_roll_on_bog.csv [TRIGGER_G_ROLL_ON_BOG | RPM: 4487, TPS: 35.7%, Adv: 20.5°, Dwell: 2.40ms, EFI: OFF]
2026-09-17 09:51:16,722 [WARNING] sagem.recorder: >>> FLIGHT RECORDER TRIGGERED: TRIGGER_G_ROLL_ON_BOG - Roll-on bog: Throttle opened +5.9% (to 9.0%), but RPM dropped from 3694 to 3604 (-90 RPM)
2026-09-17 09:51:34,186 [INFO] sagem.recorder: Captured flight recorder event saved: capture_20260917_095116_466_trigger_g_roll_on_bog.csv, capture_20260917_095116_466_trigger_g_roll_on_bog.json, capture_20260917_095116_466_trigger_g_roll_on_bog_report.txt
2026-09-17 09:51:34,189 [INFO] sagem: Blackbox capture #2 saved: capture_20260917_095116_466_trigger_g_roll_on_bog.csv [TRIGGER_G_ROLL_ON_BOG | RPM: 3604, TPS: 9.0%, Adv: 14.0°, Dwell: 2.40ms, EFI: OFF]
2026-09-17 09:52:04,154 [WARNING] sagem.recorder: >>> FLIGHT RECORDER TRIGGERED: TRIGGER_F_HIGH_LOAD_CUT - High-load power cut: RPM collapsed from 5512 to 4598 (-914 RPM in 544ms) under heavy throttle (37.6% TPS)
2026-09-17 09:52:22,134 [INFO] sagem.recorder: Captured flight recorder event saved: capture_20260917_095203_897_trigger_f_high_load_cut.csv, capture_20260917_095203_897_trigger_f_high_load_cut.json, capture_20260917_095203_897_trigger_f_high_load_cut_report.txt
2026-09-17 09:52:22,136 [INFO] sagem: Blackbox capture #3 saved: capture_20260917_095203_897_trigger_f_high_load_cut.csv [TRIGGER_F_HIGH_LOAD_CUT | RPM: 4598, TPS: 37.6%, Adv: 21.5°, Dwell: 2.40ms, EFI: OFF]
2026-09-17 09:52:42,975 [WARNING] sagem.recorder: >>> FLIGHT RECORDER TRIGGERED: TRIGGER_G_ROLL_ON_BOG - Roll-on bog: Throttle opened +13.3% (to 16.5%), but RPM dropped from 3642 to 2730 (-912 RPM)
2026-09-17 09:52:59,492 [INFO] sagem.recorder: Captured flight recorder event saved: capture_20260917_095242_532_trigger_g_roll_on_bog.csv, capture_20260917_095242_532_trigger_g_roll_on_bog.json, capture_20260917_095242_532_trigger_g_roll_on_bog_report.txt
2026-09-17 09:52:59,494 [INFO] sagem: Blackbox capture #4 saved: capture_20260917_095242_532_trigger_g_roll_on_bog.csv [TRIGGER_G_ROLL_ON_BOG | RPM: 2730, TPS: 16.5%, Adv: 10.5°, Dwell: 2.40ms, EFI: OFF]
2026-09-17 09:53:19,331 [WARNING] sagem.recorder: >>> FLIGHT RECORDER TRIGGERED: TRIGGER_G_ROLL_ON_BOG - Roll-on bog: Throttle opened +13.3% (to 16.5%), but RPM dropped from 4283 to 3871 (-412 RPM)
2026-09-17 09:53:39,363 [INFO] sagem.recorder: Captured flight recorder event saved: capture_20260917_095319_074_trigger_g_roll_on_bog.csv, capture_20260917_095319_074_trigger_g_roll_on_bog.json, capture_20260917_095319_074_trigger_g_roll_on_bog_report.txt
2026-09-17 09:53:39,366 [INFO] sagem: Blackbox capture #5 saved: capture_20260917_095319_074_trigger_g_roll_on_bog.csv [TRIGGER_G_ROLL_ON_BOG | RPM: 3871, TPS: 16.5%, Adv: 17.5°, Dwell: 2.40ms, EFI: OFF]
2026-09-17 09:55:41,092 [WARNING] sagem.recorder: >>> FLIGHT RECORDER TRIGGERED: TRIGGER_G_ROLL_ON_BOG - Roll-on bog: Throttle opened +16.5% (to 19.6%), but RPM dropped from 4211 to 3167 (-1044 RPM)
2026-09-17 09:55:59,402 [INFO] sagem.recorder: Captured flight recorder event saved: capture_20260917_095540_643_trigger_g_roll_on_bog.csv, capture_20260917_095540_643_trigger_g_roll_on_bog.json, capture_20260917_095540_643_trigger_g_roll_on_bog_report.txt
2026-09-17 09:55:59,405 [INFO] sagem: Blackbox capture #6 saved: capture_20260917_095540_643_trigger_g_roll_on_bog.csv [TRIGGER_G_ROLL_ON_BOG | RPM: 3167, TPS: 19.6%, Adv: 18.0°, Dwell: 2.40ms, EFI: OFF]
2026-09-17 09:56:09,137 [WARNING] sagem.recorder: >>> FLIGHT RECORDER TRIGGERED: TRIGGER_G_ROLL_ON_BOG - Roll-on bog: Throttle opened +7.5% (to 11.0%), but RPM dropped from 3969 to 3166 (-803 RPM)
2026-09-17 09:56:25,714 [INFO] sagem.recorder: Captured flight recorder event saved: capture_20260917_095608_685_trigger_g_roll_on_bog.csv, capture_20260917_095608_685_trigger_g_roll_on_bog.json, capture_20260917_095608_685_trigger_g_roll_on_bog_report.txt
2026-09-17 09:56:25,723 [INFO] sagem: Blackbox capture #7 saved: capture_20260917_095608_685_trigger_g_roll_on_bog.csv [TRIGGER_G_ROLL_ON_BOG | RPM: 3166, TPS: 11.0%, Adv: 5.5°, Dwell: 2.40ms, EFI: OFF]
2026-09-17 09:56:43,999 [WARNING] sagem.recorder: >>> FLIGHT RECORDER TRIGGERED: TRIGGER_G_ROLL_ON_BOG - Roll-on bog: Throttle opened +8.2% (to 11.4%), but RPM dropped from 3624 to 2754 (-870 RPM)
2026-09-17 09:57:03,403 [INFO] sagem.recorder: Captured flight recorder event saved: capture_20260917_095643_735_trigger_g_roll_on_bog.csv, capture_20260917_095643_735_trigger_g_roll_on_bog.json, capture_20260917_095643_735_trigger_g_roll_on_bog_report.txt
2026-09-17 09:57:03,405 [INFO] sagem: Blackbox capture #8 saved: capture_20260917_095643_735_trigger_g_roll_on_bog.csv [TRIGGER_G_ROLL_ON_BOG | RPM: 2754, TPS: 11.4%, Adv: 20.0°, Dwell: 2.40ms, EFI: OFF]
2026-09-17 09:59:53,369 [INFO] sagem.serial: Closed K-Line serial port COM9
2026-09-17 11:11:59,172 [INFO] sagem: Connecting to Sagem MC1000 on MOCK_ECU @ 10400 baud...
2026-09-17 11:11:59,172 [INFO] sagem.serial: Initiating ISO 14230 Fast-Init on COM3...
2026-09-17 11:11:59,223 [INFO] sagem.serial: Fast-Init successful! ECU Key Bytes: ea8f
2026-09-17 11:12:02,726 [WARNING] sagem.recorder: >>> FLIGHT RECORDER TRIGGERED: TRIGGER_E_EFI_LIGHT_ON - Sagem MC1000 commanded EFI warning light ON (MIL active) at 4204 RPM, TPS 29.4%
2026-09-17 11:12:05,760 [INFO] sagem.recorder: Captured flight recorder event saved: capture_20260917_111202_726_trigger_e_efi_light_on.csv, capture_20260917_111202_726_trigger_e_efi_light_on.json, capture_20260917_111202_726_trigger_e_efi_light_on_report.txt
2026-09-17 11:12:05,761 [INFO] sagem: Blackbox capture #1 saved: capture_20260917_111202_726_trigger_e_efi_light_on.csv [TRIGGER_E_EFI_LIGHT_ON | RPM: 4204, TPS: 29.4%, Adv: 31.2°, Dwell: 2.40ms]
2026-09-17 11:12:07,279 [INFO] sagem.serial: Closed K-Line serial port COM3
2026-09-17 11:14:06,164 [INFO] sagem: Connecting to Sagem MC1000 on MOCK_ECU @ 10400 baud...
2026-09-17 11:14:06,164 [INFO] sagem.serial: Initiating ISO 14230 Fast-Init on COM3...
2026-09-17 11:14:06,215 [INFO] sagem.serial: Fast-Init successful! ECU Key Bytes: ea8f
2026-09-17 11:14:09,677 [WARNING] sagem.recorder: >>> FLIGHT RECORDER TRIGGERED: TRIGGER_E_EFI_LIGHT_ON - Sagem MC1000 commanded EFI warning light ON (MIL active) at 4089 RPM, TPS 28.2%
2026-09-17 11:14:11,248 [INFO] sagem.serial: Closed K-Line serial port COM3
2026-09-17 11:16:41,902 [INFO] sagem: Connecting to Sagem MC1000 on MOCK_ECU @ 10400 baud...
2026-09-17 11:16:41,902 [INFO] sagem.serial: Initiating ISO 14230 Fast-Init on COM3...
2026-09-17 11:16:41,954 [INFO] sagem.serial: Fast-Init successful! ECU Key Bytes: ea8f
2026-09-17 11:16:45,405 [WARNING] sagem.recorder: >>> FLIGHT RECORDER TRIGGERED: TRIGGER_E_EFI_LIGHT_ON - Sagem MC1000 commanded EFI warning light ON (MIL active) at 4064 RPM, TPS 27.8%
2026-09-17 11:16:46,967 [INFO] sagem.serial: Closed K-Line serial port COM3
